map "http://basic.test/medication-request" = "basic-test-medication-request"
uses "http://hl7.org/fhir/StructureDefinition/MedicationRequest" alias MedicationRequest as source
uses "http://hl7.org/fhir/StructureDefinition/MedicationRequest" alias MedicationRequest as target
uses "http://hl7.org/fhir/StructureDefinition/Extension" alias Extension as source
uses "http://hl7.org/fhir/StructureDefinition/Extension" alias Extension as target

group MedicationRequest(source src : MedicationRequest, target tgt : MedicationRequest)  {
    src.extension as ext where $this.url='https://fhir.nhs.uk/STU3/StructureDefinition/Extension-CareConnect-MedicationRepeatInformation-1'
        -> tgt.extension as tgtext, tgtext.url='https://fhir.nhs.uk/StructureDefinition/Extension-CareConnect-MedicationRepeatInformation-1' then {
        ext.extension as vs where $this.url='numberOfRepeatPrescriptionsIssued' 
           -> tgtext.extension = create('Extension') as vt, vt.url = 'numberOfRepeatPrescriptionsIssued' then ExtensionUnsignedIntValue(vs, vt); 
        ext.extension as vs where $this.url='authorisationExpiryDate' -> tgtext.extension = create('Extension') as vt, vt.url = 'authorisationExpiryDate' then ExtensionDateTimeValue(vs, vt); 
     };
}

group ExtensionUnsignedIntValue(source src : Extension, target tgt : Extension) {
    src.value as vs -> tgt.value = create('unsignedInt') as vt, vt.value = vs;
}

group ExtensionDateTimeValue(source src : Extension, target tgt : Extension) {
    src.value as vs -> tgt.value = create('dateTime') as vt, vt.value = vs;
}

